// Jest Snapshot v1, https://goo.gl/fbAQLP

exports[`utils / cssSnapshots with a custom renderer should process a file and log 1`] = `
Object {
  "exampleFileContents": "exampleFileContents__exampleFileContents---e3Nf2",
  "exampleFileName": "exampleFileContents__exampleFileName---yg7Zl",
}
`;

exports[`utils / cssSnapshots with file 'empty.module.less' createExports should create an exports file 1`] = `
"declare const classes: {

};
export default classes;
"
`;

exports[`utils / cssSnapshots with file 'empty.module.less' getClasses should return an object matching expected CSS 1`] = `Object {}`;

exports[`utils / cssSnapshots with file 'empty.module.sass' createExports should create an exports file 1`] = `
"declare const classes: {

};
export default classes;
"
`;

exports[`utils / cssSnapshots with file 'empty.module.sass' getClasses should return an object matching expected CSS 1`] = `Object {}`;

exports[`utils / cssSnapshots with file 'empty.module.scss' createExports should create an exports file 1`] = `
"declare const classes: {

};
export default classes;
"
`;

exports[`utils / cssSnapshots with file 'empty.module.scss' getClasses should return an object matching expected CSS 1`] = `Object {}`;

exports[`utils / cssSnapshots with file 'import.module.css' createExports should create an exports file 1`] = `
"declare const classes: {
'classA': string;
  'ClassB': string;
  'class-c': string;
  'class_d': string;
  'parent': string;
  'childA': string;
  'childB': string;
  'nestedChild': string;
};
export default classes;
export const classA: string;
export const ClassB: string;
export const parent: string;
export const childA: string;
export const childB: string;
export const nestedChild: string;
"
`;

exports[`utils / cssSnapshots with file 'import.module.css' getClasses should return an object matching expected CSS 1`] = `
Object {
  "ClassB": "import-module__ClassB---1uTmq",
  "childA": "import-module__childA---39Yod",
  "childB": "import-module__childB---2S1Lz",
  "class-c": "import-module__class-c---Xdyrv",
  "classA": "import-module__classA---3-9yK",
  "class_d": "import-module__class_d---27FnC",
  "nestedChild": "import-module__nestedChild---HAsOX",
  "parent": "import-module__parent---11jeJ",
}
`;

exports[`utils / cssSnapshots with file 'import.module.less' createExports should create an exports file 1`] = `
"declare const classes: {
'nested-class-parent': string;
  'child-class': string;
  'selector-blue': string;
  'selector-green': string;
  'selector-red': string;
  'column-1': string;
  'column-2': string;
  'column-3': string;
  'column-4': string;
  'color-set': string;
};
export default classes;
"
`;

exports[`utils / cssSnapshots with file 'import.module.less' getClasses should return an object matching expected CSS 1`] = `
Object {
  "child-class": "import-module__child-class---3rUzY",
  "color-set": "import-module__color-set---1Nz_3",
  "column-1": "import-module__column-1---1do6Y",
  "column-2": "import-module__column-2---HjqfU",
  "column-3": "import-module__column-3---N5Wnb",
  "column-4": "import-module__column-4---23ZMh",
  "nested-class-parent": "import-module__nested-class-parent---36rk0",
  "selector-blue": "import-module__selector-blue---1tI9n",
  "selector-green": "import-module__selector-green---2yk8M",
  "selector-red": "import-module__selector-red---1SN6v",
}
`;

exports[`utils / cssSnapshots with file 'test.module.css' createExports should create an exports file 1`] = `
"declare const classes: {
'classA': string;
  'ClassB': string;
  'class-c': string;
  'class_d': string;
  'parent': string;
  'childA': string;
  'childB': string;
  'nestedChild': string;
};
export default classes;
export const classA: string;
export const ClassB: string;
export const parent: string;
export const childA: string;
export const childB: string;
export const nestedChild: string;
"
`;

exports[`utils / cssSnapshots with file 'test.module.css' getClasses should return an object matching expected CSS 1`] = `
Object {
  "ClassB": "test-module__ClassB---1z7xQ",
  "childA": "test-module__childA---3PtDp",
  "childB": "test-module__childB---33c4a",
  "class-c": "test-module__class-c---Nme_S",
  "classA": "test-module__classA---11Lf2",
  "class_d": "test-module__class_d---7rY6T",
  "nestedChild": "test-module__nestedChild---3OSwX",
  "parent": "test-module__parent---1pNsk",
}
`;

exports[`utils / cssSnapshots with file 'test.module.less' createExports should create an exports file 1`] = `
"declare const classes: {
'nested-class-parent': string;
  'child-class': string;
  'selector-blue': string;
  'selector-green': string;
  'selector-red': string;
  'column-1': string;
  'column-2': string;
  'column-3': string;
  'column-4': string;
  'color-set': string;
};
export default classes;
"
`;

exports[`utils / cssSnapshots with file 'test.module.less' getClasses should return an object matching expected CSS 1`] = `
Object {
  "child-class": "test-module__child-class---1Ga8C",
  "color-set": "test-module__color-set---2h232",
  "column-1": "test-module__column-1---3Hv-0",
  "column-2": "test-module__column-2---1QOqJ",
  "column-3": "test-module__column-3---1PZz0",
  "column-4": "test-module__column-4---2XpQh",
  "nested-class-parent": "test-module__nested-class-parent---R9jV3",
  "selector-blue": "test-module__selector-blue---1icL9",
  "selector-green": "test-module__selector-green---2pD8c",
  "selector-red": "test-module__selector-red---gsEUj",
}
`;

exports[`utils / cssSnapshots with file 'test.module.sass' createExports should create an exports file 1`] = `
"declare const classes: {
'local-class-inside-global': string;
  'local-class': string;
  'local-class-2': string;
  'local-class-inside-local': string;
  'reserved-words': string;
  'default': string;
  'const': string;
  'nested-class-parent': string;
  'child-class': string;
  'nested-class-parent--extended': string;
  'section-1': string;
  'section-2': string;
  'section-3': string;
  'section-4': string;
  'section-5': string;
  'section-6': string;
  'section-7': string;
  'section-8': string;
  'section-9': string;
  'class-with-mixin': string;
};
export default classes;
"
`;

exports[`utils / cssSnapshots with file 'test.module.sass' getClasses should return an object matching expected CSS 1`] = `
Object {
  "child-class": "test-module__child-class---1Z6FR",
  "class-with-mixin": "test-module__class-with-mixin---3VX2U",
  "const": "test-module__const---SwQeI",
  "default": "test-module__default---1XDkC",
  "local-class": "test-module__local-class---3t74b",
  "local-class-2": "test-module__local-class-2---3ZpZR",
  "local-class-inside-global": "test-module__local-class-inside-global---3XSpm",
  "local-class-inside-local": "test-module__local-class-inside-local---2habk",
  "nested-class-parent": "test-module__nested-class-parent---2NZYL",
  "nested-class-parent--extended": "test-module__nested-class-parent--extended---2qy0B",
  "reserved-words": "test-module__reserved-words---75Ick",
  "section-1": "test-module__section-1---SBQkq",
  "section-2": "test-module__section-2---1Z96g",
  "section-3": "test-module__section-3---_1k22",
  "section-4": "test-module__section-4---1xlGf",
  "section-5": "test-module__section-5---19rEJ",
  "section-6": "test-module__section-6---2J7BT",
  "section-7": "test-module__section-7---1oMBc",
  "section-8": "test-module__section-8---3utTC",
  "section-9": "test-module__section-9---t7Agm",
}
`;

exports[`utils / cssSnapshots with file 'test.module.scss' createExports should create an exports file 1`] = `
"declare const classes: {
'local-class-inside-global': string;
  'local-class': string;
  'local-class-2': string;
  'local-class-inside-local': string;
  'reserved-words': string;
  'default': string;
  'const': string;
  'nested-class-parent': string;
  'child-class': string;
  'nested-class-parent--extended': string;
  'section-1': string;
  'section-2': string;
  'section-3': string;
  'section-4': string;
  'section-5': string;
  'section-6': string;
  'section-7': string;
  'section-8': string;
  'section-9': string;
  'class-with-mixin': string;
};
export default classes;
"
`;

exports[`utils / cssSnapshots with file 'test.module.scss' getClasses should return an object matching expected CSS 1`] = `
Object {
  "child-class": "test-module__child-class---1X87n",
  "class-with-mixin": "test-module__class-with-mixin---2sqUv",
  "const": "test-module__const---_YsB3",
  "default": "test-module__default---2bBi7",
  "local-class": "test-module__local-class---2mqdW",
  "local-class-2": "test-module__local-class-2---3V2Ud",
  "local-class-inside-global": "test-module__local-class-inside-global---19zZ3",
  "local-class-inside-local": "test-module__local-class-inside-local---2DBWn",
  "nested-class-parent": "test-module__nested-class-parent---38azU",
  "nested-class-parent--extended": "test-module__nested-class-parent--extended---2RArS",
  "reserved-words": "test-module__reserved-words---LxD0z",
  "section-1": "test-module__section-1---h9TrY",
  "section-2": "test-module__section-2---pg5Dq",
  "section-3": "test-module__section-3---141D0",
  "section-4": "test-module__section-4---29Zqe",
  "section-5": "test-module__section-5---2aEf7",
  "section-6": "test-module__section-6---3L42n",
  "section-7": "test-module__section-7---2SoUE",
  "section-8": "test-module__section-8---HwOIP",
  "section-9": "test-module__section-9---3MO0M",
}
`;

exports[`utils / cssSnapshots with includePaths in sass options should find external file from includePaths 1`] = `
Object {
  "big-font": "include-path-module__big-font---3ir6c",
  "class-with-mixin": "include-path-module__class-with-mixin---Ksqo-",
}
`;
